2026-05-16T18:56:57.895-04:00  INFO 7368 --- [ms-pedidos] [main] c.d.mspedidos.MsPedidosApplication       : Starting MsPedidosApplication using Java 24.0.2 with PID 7368 (C:\Users\zerze\OneDrive\Desktop\ev2\Evaluacion-Parcial-2-Full-Stack-DSY1103\ms-pedidos\target\classes started by zerze in C:\Users\zerze\OneDrive\Desktop\ev2\Evaluacion-Parcial-2-Full-Stack-DSY1103\ms-pedidos)
2026-05-16T18:56:57.898-04:00 DEBUG 7368 --- [ms-pedidos] [main] c.d.mspedidos.MsPedidosApplication       : Running with Spring Boot v4.0.6, Spring v7.0.7
2026-05-16T18:56:57.900-04:00  INFO 7368 --- [ms-pedidos] [main] c.d.mspedidos.MsPedidosApplication       : No active profile set, falling back to 1 default profile: "default"
2026-05-16T18:56:58.974-04:00  INFO 7368 --- [ms-pedidos] [main] .s.d.r.c.RepositoryConfigurationDelegate : Bootstrapping Spring Data JPA repositories in DEFAULT mode.
2026-05-16T18:56:59.056-04:00  INFO 7368 --- [ms-pedidos] [main] .s.d.r.c.RepositoryConfigurationDelegate : Finished Spring Data repository scanning in 69 ms. Found 2 JPA repository interfaces.
2026-05-16T18:56:59.249-04:00  INFO 7368 --- [ms-pedidos] [main] o.s.cloud.context.scope.GenericScope     : BeanFactory id=8af469de-47c5-30f0-a9aa-97a166d4a548
2026-05-16T18:56:59.769-04:00  INFO 7368 --- [ms-pedidos] [main] o.s.boot.tomcat.TomcatWebServer          : Tomcat initialized with port 8084 (http)
2026-05-16T18:56:59.791-04:00  INFO 7368 --- [ms-pedidos] [main] o.apache.catalina.core.StandardService   : Starting service [Tomcat]
2026-05-16T18:56:59.791-04:00  INFO 7368 --- [ms-pedidos] [main] o.apache.catalina.core.StandardEngine    : Starting Servlet engine: [Apache Tomcat/11.0.21]
2026-05-16T18:56:59.850-04:00  INFO 7368 --- [ms-pedidos] [main] b.w.c.s.WebApplicationContextInitializer : Root WebApplicationContext: initialization completed in 1886 ms
2026-05-16T18:57:00.426-04:00  INFO 7368 --- [ms-pedidos] [main] com.zaxxer.hikari.HikariDataSource       : HikariPool-1 - Starting...
2026-05-16T18:57:00.642-04:00  INFO 7368 --- [ms-pedidos] [main] com.zaxxer.hikari.pool.HikariPool        : HikariPool-1 - Added connection com.mysql.cj.jdbc.ConnectionImpl@7608a838
2026-05-16T18:57:00.645-04:00  INFO 7368 --- [ms-pedidos] [main] com.zaxxer.hikari.HikariDataSource       : HikariPool-1 - Start completed.
2026-05-16T18:57:00.686-04:00  INFO 7368 --- [ms-pedidos] [main] org.flywaydb.core.FlywayExecutor         : Database: jdbc:mysql://localhost:3306/prueba3?useSSL=false&serverTimezone=America/Santiago&allowPublicKeyRetrieval=true (MySQL 8.4)
2026-05-16T18:57:00.699-04:00  WARN 7368 --- [ms-pedidos] [main] o.f.c.internal.database.base.Database    : Using MySQL 8.4 which is newer than the version Flyway has been verified with. The latest verified version of MySQL is 8.1.
2026-05-16T18:57:00.744-04:00  INFO 7368 --- [ms-pedidos] [main] o.f.core.internal.command.DbValidate     : Successfully validated 0 migrations (execution time 00:00.027s)
2026-05-16T18:57:00.745-04:00  WARN 7368 --- [ms-pedidos] [main] o.f.core.internal.command.DbValidate     : No migrations found. Are your locations set up correctly?
2026-05-16T18:57:00.765-04:00  INFO 7368 --- [ms-pedidos] [main] o.f.core.internal.command.DbMigrate      : Current version of schema `prueba3`: << Empty Schema >>
2026-05-16T18:57:00.773-04:00  INFO 7368 --- [ms-pedidos] [main] o.f.core.internal.command.DbMigrate      : Schema `prueba3` is up to date. No migration necessary.
2026-05-16T18:57:00.925-04:00  INFO 7368 --- [ms-pedidos] [main] org.hibernate.orm.jpa                    : HHH008540: Processing PersistenceUnitInfo [name: default]
2026-05-16T18:57:01.002-04:00  INFO 7368 --- [ms-pedidos] [main] org.hibernate.orm.core                   : HHH000001: Hibernate ORM core version 7.2.12.Final
2026-05-16T18:57:01.473-04:00  INFO 7368 --- [ms-pedidos] [main] o.s.o.j.p.SpringPersistenceUnitInfo      : No LoadTimeWeaver setup: ignoring JPA class transformer
2026-05-16T18:57:01.524-04:00  WARN 7368 --- [ms-pedidos] [main] org.hibernate.orm.deprecation            : HHH90000025: MySQLDialect does not need to be specified explicitly using 'hibernate.dialect' (remove the property setting and it will be selected by default)
2026-05-16T18:57:01.537-04:00  INFO 7368 --- [ms-pedidos] [main] org.hibernate.orm.connections.pooling    : HHH10001005: Database info:
	Database JDBC URL [jdbc:mysql://localhost:3306/prueba3?useSSL=false&serverTimezone=America/Santiago&allowPublicKeyRetrieval=true]
	Database driver: MySQL Connector/J
	Database dialect: MySQLDialect
	Database version: 8.4.3
	Default catalog/schema: prueba3/undefined
	Autocommit mode: undefined/unknown
	Isolation level: REPEATABLE_READ [default REPEATABLE_READ]
	JDBC fetch size: none
	Pool: DataSourceConnectionProvider
	Minimum pool size: undefined/unknown
	Maximum pool size: undefined/unknown
2026-05-16T18:57:02.324-04:00  INFO 7368 --- [ms-pedidos] [main] org.hibernate.orm.core                   : HHH000489: No JTA platform available (set 'hibernate.transaction.jta.platform' to enable JTA platform integration)
2026-05-16T18:57:02.381-04:00  INFO 7368 --- [ms-pedidos] [main] j.LocalContainerEntityManagerFactoryBean : Initialized JPA EntityManagerFactory for persistence unit 'default'
2026-05-16T18:57:02.480-04:00  INFO 7368 --- [ms-pedidos] [main] o.s.d.j.r.query.QueryEnhancerFactories   : Hibernate is in classpath; If applicable, HQL parser will be used.
2026-05-16T18:57:02.856-04:00  WARN 7368 --- [ms-pedidos] [main] JpaBaseConfiguration$JpaWebConfiguration : spring.jpa.open-in-view is enabled by default. Therefore, database queries may be performed during view rendering. Explicitly configure spring.jpa.open-in-view to disable this warning
2026-05-16T18:57:03.399-04:00  INFO 7368 --- [ms-pedidos] [main] o.s.boot.tomcat.TomcatWebServer          : Tomcat started on port 8084 (http) with context path '/'
2026-05-16T18:57:03.411-04:00  INFO 7368 --- [ms-pedidos] [main] c.d.mspedidos.MsPedidosApplication       : Started MsPedidosApplication in 6.232 seconds (process running for 7.107)
2026-05-16T18:57:45.380-04:00  INFO 7368 --- [ms-pedidos] [http-nio-8084-exec-1] o.a.c.c.C.[Tomcat].[localhost].[/]       : Initializing Spring DispatcherServlet 'dispatcherServlet'
2026-05-16T18:57:45.380-04:00  INFO 7368 --- [ms-pedidos] [http-nio-8084-exec-1] o.s.web.servlet.DispatcherServlet        : Initializing Servlet 'dispatcherServlet'
2026-05-16T18:57:45.381-04:00  INFO 7368 --- [ms-pedidos] [http-nio-8084-exec-1] o.s.web.servlet.DispatcherServlet        : Completed initialization in 1 ms
2026-05-16T18:57:45.421-04:00  INFO 7368 --- [ms-pedidos] [http-nio-8084-exec-1] c.d.m.controller.PedidoController        : Solicitando listado global de pedidos
2026-05-16T18:57:45.439-04:00  INFO 7368 --- [ms-pedidos] [http-nio-8084-exec-1] c.d.mspedidos.service.PedidoService      : Iniciando consulta de todos los usuarios
2026-05-16T18:59:09.458-04:00  INFO 7368 --- [ms-pedidos] [http-nio-8084-exec-4] c.d.m.controller.PedidoController        : Buscando pedido con ID: 1
2026-05-16T18:59:09.460-04:00  INFO 7368 --- [ms-pedidos] [http-nio-8084-exec-4] c.d.mspedidos.service.PedidoService      : Buscando usuario con ID: 1
2026-05-16T19:05:51.502-04:00  INFO 7368 --- [ms-pedidos] [SpringApplicationShutdownHook] o.s.boot.tomcat.GracefulShutdown         : Commencing graceful shutdown. Waiting for active requests to complete
2026-05-16T19:05:51.507-04:00  INFO 7368 --- [ms-pedidos] [tomcat-shutdown] o.s.boot.tomcat.GracefulShutdown         : Graceful shutdown complete
2026-05-16T19:05:51.511-04:00  INFO 7368 --- [ms-pedidos] [SpringApplicationShutdownHook] j.LocalContainerEntityManagerFactoryBean : Closing JPA EntityManagerFactory for persistence unit 'default'
2026-05-16T19:05:51.513-04:00  INFO 7368 --- [ms-pedidos] [SpringApplicationShutdownHook] com.zaxxer.hikari.HikariDataSource       : HikariPool-1 - Shutdown initiated...
2026-05-16T19:05:51.520-04:00  INFO 7368 --- [ms-pedidos] [SpringApplicationShutdownHook] com.zaxxer.hikari.HikariDataSource       : HikariPool-1 - Shutdown completed.
